// Jest Snapshot v1, https://goo.gl/fbAQLP

exports[`WeeklyForecast renders correctly 1`] = `
<DocumentFragment>
  <div
    class="WeeklyForecast"
  >
    <div
      class="DailyForecast"
      data-testid="daily-forecast"
    >
      <div
        class="DailyForecast_date"
      >
        Thu, 1 Jan
      </div>
      <i
        aria-label="Stub description 1 icon"
        class="wi wi-day-rain DailyForecast_icon"
        data-testid="weather-icon"
        name="owm"
      />
      <div
        class="DailyForecast_temperature"
      >
        22°c
      </div>
      <div
        class="DailyForecast_description"
      >
        Stub description 1
      </div>
      <button
        class="DailyForecast_more-details"
        type="button"
      >
        More details
      </button>
    </div>
    <div
      class="DailyForecast"
      data-testid="daily-forecast"
    >
      <div
        class="DailyForecast_date"
      >
        Thu, 1 Jan
      </div>
      <i
        aria-label="Stub description2 icon"
        class="wi wi-day-sunny DailyForecast_icon"
        data-testid="weather-icon"
        name="owm"
      />
      <div
        class="DailyForecast_temperature"
      >
        24°c
      </div>
      <div
        class="DailyForecast_description"
      >
        Stub description2
      </div>
      <button
        class="DailyForecast_more-details"
        type="button"
      >
        More details
      </button>
    </div>
  </div>
</DocumentFragment>
`;
