// Jest Snapshot v1, https://goo.gl/fbAQLP

exports[`SearchForm renders correctly 1`] = `
<DocumentFragment>
  <form
    class="SearchForm"
    data-testid="search-form"
  >
    <p
      class="SearchForm_instruction"
    >
      Search for a UK city to see its weather forecast
    </p>
    <span
      class="SearchForm_search"
    >
      <label
        for="search"
      >
        <input
          data-testid="search-box"
          id="search"
          placeholder="Enter a city"
          type="text"
          value="Manchester"
        />
      </label>
      <button
        data-testid="search-button"
        type="submit"
      >
        Search
      </button>
    </span>
  </form>
</DocumentFragment>
`;
